01:05:25 **** Incremental Build of configuration Debug for project micro_mouse ****
make -j8 all 
arm-none-eabi-gcc "../Core/Src/main.c" -mcpu=cortex-m3 -std=gnu11 -g3 -DDEBUG -DUSE_HAL_DRIVER -DSTM32F103xB -c -I../Core/Inc -I../Drivers/STM32F1xx_HAL_Driver/Inc/Legacy -I../Drivers/STM32F1xx_HAL_Driver/Inc -I../Drivers/CMSIS/Device/ST/STM32F1xx/Include -I../Drivers/CMSIS/Include -O0 -ffunction-sections -fdata-sections -Wall -fstack-usage -fcyclomatic-complexity -MMD -MP -MF"Core/Src/main.d" -MT"Core/Src/main.o" --specs=nano.specs -mfloat-abi=soft -mthumb -o "Core/Src/main.o"
arm-none-eabi-gcc -o "micro_mouse.elf" @"objects.list"   -mcpu=cortex-m3 -T"E:\stm32\test_micro_mouse\micro_mouse\STM32F103C8TX_FLASH.ld" --specs=nosys.specs -Wl,-Map="micro_mouse.map" -Wl,--gc-sections -static --specs=nano.specs -mfloat-abi=soft -mthumb -Wl,--start-group -lc -lm -Wl,--end-group
Finished building target: micro_mouse.elf
 
arm-none-eabi-size  micro_mouse.elf 
arm-none-eabi-objdump -h -S micro_mouse.elf  > "micro_mouse.list"
   text	   data	    bss	    dec	    hex	filename
   9796	     20	   1868	  11684	   2da4	micro_mouse.elf
Finished building: default.size.stdout
 
Finished building: micro_mouse.list
 
02:36:26 **** Incremental Build of configuration Debug for project micro_mouse ****
make -j8 all 
arm-none-eabi-size  micro_mouse.elf 
   text	   data	    bss	    dec	    hex	filename
   9796	     20	   1868	  11684	   2da4	micro_mouse.elf
Finished building: default.size.stdout
 
02:37:03 **** Incremental Build of configuration Debug for project micro_mouse ****
make -j8 all 
arm-none-eabi-size  micro_mouse.elf 
   text	   data	    bss	    dec	    hex	filename
   9796	     20	   1868	  11684	   2da4	micro_mouse.elf
Finished building: default.size.stdout
 
02:37:27 **** Incremental Build of configuration Debug for project micro_mouse ****
make -j8 all 
arm-none-eabi-gcc "../Core/Src/main.c" -mcpu=cortex-m3 -std=gnu11 -g3 -DDEBUG -DUSE_HAL_DRIVER -DSTM32F103xB -c -I../Core/Inc -I../Drivers/STM32F1xx_HAL_Driver/Inc/Legacy -I../Drivers/STM32F1xx_HAL_Driver/Inc -I../Drivers/CMSIS/Device/ST/STM32F1xx/Include -I../Drivers/CMSIS/Include -O0 -ffunction-sections -fdata-sections -Wall -fstack-usage -fcyclomatic-complexity -MMD -MP -MF"Core/Src/main.d" -MT"Core/Src/main.o" --specs=nano.specs -mfloat-abi=soft -mthumb -o "Core/Src/main.o"
arm-none-eabi-gcc -o "micro_mouse.elf" @"objects.list"   -mcpu=cortex-m3 -T"E:\stm32\test_micro_mouse\micro_mouse\STM32F103C8TX_FLASH.ld" --specs=nosys.specs -Wl,-Map="micro_mouse.map" -Wl,--gc-sections -static --specs=nano.specs -mfloat-abi=soft -mthumb -Wl,--start-group -lc -lm -Wl,--end-group
Finished building target: micro_mouse.elf
 
arm-none-eabi-size  micro_mouse.elf 
arm-none-eabi-objdump -h -S micro_mouse.elf  > "micro_mouse.list"
   text	   data	    bss	    dec	    hex	filename
   9796	     20	   1868	  11684	   2da4	micro_mouse.elf
Finished building: default.size.stdout
 
Finished building: micro_mouse.list
 
02:38:20 **** Incremental Build of configuration Debug for project micro_mouse ****
make -j8 all 
arm-none-eabi-gcc -o "micro_mouse.elf" @"objects.list"   -mcpu=cortex-m3 -T"E:\stm32\test_micro_mouse\micro_mouse\STM32F103C8TX_FLASH.ld" --specs=nosys.specs -Wl,-Map="micro_mouse.map" -Wl,--gc-sections -static --specs=nano.specs -mfloat-abi=soft -mthumb -Wl,--start-group -lc -lm -Wl,--end-group
Finished building target: micro_mouse.elf
 
arm-none-eabi-size  micro_mouse.elf 
arm-none-eabi-objdump -h -S micro_mouse.elf  > "micro_mouse.list"
   text	   data	    bss	    dec	    hex	filename
   9796	     20	   1868	  11684	   2da4	micro_mouse.elf
Finished building: default.size.stdout
 
Finished building: micro_mouse.list
 
02:38:49 **** Incremental Build of configuration Debug for project micro_mouse ****
make -j8 all 
arm-none-eabi-size  micro_mouse.elf 
   text	   data	    bss	    dec	    hex	filename
   9796	     20	   1868	  11684	   2da4	micro_mouse.elf
Finished building: default.size.stdout
 
02:40:16 **** Incremental Build of configuration Debug for project micro_mouse ****
make -j8 all 
arm-none-eabi-size  micro_mouse.elf 
   text	   data	    bss	    dec	    hex	filename
   9796	     20	   1868	  11684	   2da4	micro_mouse.elf
Finished building: default.size.stdout
 
02:55:17 **** Incremental Build of configuration Debug for project Embed_System_BTL ****
make -j8 all 
arm-none-eabi-size  Embed_System_BTL.elf 
   text	   data	    bss	    dec	    hex	filename
  26568	    104	   2584	  29256	   7248	Embed_System_BTL.elf
Finished building: default.size.stdout
 
03:16:34 **** Incremental Build of configuration Debug for project Embed_System_BTL ****
make -j8 all 
arm-none-eabi-size  Embed_System_BTL.elf 
   text	   data	    bss	    dec	    hex	filename
  26568	    104	   2584	  29256	   7248	Embed_System_BTL.elf
Finished building: default.size.stdout
 
03:19:23 **** Incremental Build of configuration Debug for project Embed_System_BTL ****
make -j8 all 
arm-none-eabi-size  Embed_System_BTL.elf 
   text	   data	    bss	    dec	    hex	filename
  26568	    104	   2584	  29256	   7248	Embed_System_BTL.elf
Finished building: default.size.stdout
 
03:24:22 **** Incremental Build of configuration Debug for project Embed_System_BTL ****
make -j8 all 
arm-none-eabi-size  Embed_System_BTL.elf 
   text	   data	    bss	    dec	    hex	filename
  26568	    104	   2584	  29256	   7248	Embed_System_BTL.elf
Finished building: default.size.stdout
 
03:27:18 **** Incremental Build of configuration Debug for project Embed_System_BTL ****
make -j8 all 
arm-none-eabi-size  Embed_System_BTL.elf 
   text	   data	    bss	    dec	    hex	filename
  26568	    104	   2584	  29256	   7248	Embed_System_BTL.elf
Finished building: default.size.stdout
 
